2026-06-14 10:54:52 +0000 - dagster - DEBUG - __ASSET_JOB - 29346c58-bf18-4bde-8835-7ba221b2fb46 - 96 - LOGS_CAPTURED - Capturing logs for process (pid: 96).
2026-06-14 10:54:52 +0000 - dagster - DEBUG - __ASSET_JOB - 29346c58-bf18-4bde-8835-7ba221b2fb46 - 96 - my_dbt_assets - STEP_START - Started execution of step "my_dbt_assets".
2026-06-14 10:54:53 +0000 - dagster - INFO - __ASSET_JOB - 29346c58-bf18-4bde-8835-7ba221b2fb46 - my_dbt_assets - A dbt subsetted execution is not being performed. Using the default dbt selection arguments `['--select', 'fqn:*']`.
/usr/local/lib/python3.10/site-packages/google/api_core/_python_version_support.py:255: FutureWarning: You are using a Python version (3.10.20) which Google will stop supporting in new releases of google.api_core once it reaches its end of life (2026-10-04). Please upgrade to the latest Python version, or at least Python 3.11, to continue receiving updates for google.api_core past that date.
  warnings.warn(message, FutureWarning)
/usr/local/lib/python3.10/site-packages/google/api_core/_python_version_support.py:255: FutureWarning: You are using a Python version (3.10.20) which Google will stop supporting in new releases of google.cloud.dataproc_v1 once it reaches its end of life (2026-10-04). Please upgrade to the latest Python version, or at least Python 3.11, to continue receiving updates for google.cloud.dataproc_v1 past that date.
  warnings.warn(message, FutureWarning)
/usr/local/lib/python3.10/site-packages/google/api_core/_python_version_support.py:255: FutureWarning: You are using a Python version (3.10.20) which Google will stop supporting in new releases of google.api_core once it reaches its end of life (2026-10-04). Please upgrade to the latest Python version, or at least Python 3.11, to continue receiving updates for google.api_core past that date.
  warnings.warn(message, FutureWarning)
/usr/local/lib/python3.10/site-packages/google/api_core/_python_version_support.py:255: FutureWarning: You are using a Python version (3.10.20) which Google will stop supporting in new releases of google.cloud.dataproc_v1 once it reaches its end of life (2026-10-04). Please upgrade to the latest Python version, or at least Python 3.11, to continue receiving updates for google.cloud.dataproc_v1 past that date.
  warnings.warn(message, FutureWarning)
2026-06-14 10:54:58 +0000 - dagster - INFO - __ASSET_JOB - 29346c58-bf18-4bde-8835-7ba221b2fb46 - my_dbt_assets - Copying `/opt/dbt/dbt_project/target/partial_parse.msgpack` to `/opt/dbt/dbt_project/target/my_dbt_assets-29346c5-f44f4c4/partial_parse.msgpack` to take advantage of partial parsing.
2026-06-14 10:54:58 +0000 - dagster - INFO - __ASSET_JOB - 29346c58-bf18-4bde-8835-7ba221b2fb46 - my_dbt_assets - Running dbt command: `dbt build --select fqn:*`.
2026-06-14 10:55:10 +0000 - dagster - DEBUG - __ASSET_JOB - 29346c58-bf18-4bde-8835-7ba221b2fb46 - 96 - my_dbt_assets - STEP_OUTPUT - Yielded output "test_dbt_pj__models__staging__stg_customers" of type "Nothing". (Type check passed).
2026-06-14 10:55:10 +0000 - dagster - DEBUG - __ASSET_JOB - 29346c58-bf18-4bde-8835-7ba221b2fb46 - 96 - my_dbt_assets - ASSET_MATERIALIZATION - Materialized value test_dbt_pj models staging stg_customers.
2026-06-14 10:55:12 +0000 - dagster - DEBUG - __ASSET_JOB - 29346c58-bf18-4bde-8835-7ba221b2fb46 - 96 - my_dbt_assets - STEP_OUTPUT - Yielded output "test_dbt_pj__models__staging__stg_orders" of type "Nothing". (Type check passed).
2026-06-14 10:55:12 +0000 - dagster - DEBUG - __ASSET_JOB - 29346c58-bf18-4bde-8835-7ba221b2fb46 - 96 - my_dbt_assets - ASSET_MATERIALIZATION - Materialized value test_dbt_pj models staging stg_orders.
2026-06-14 10:55:14 +0000 - dagster - DEBUG - __ASSET_JOB - 29346c58-bf18-4bde-8835-7ba221b2fb46 - 96 - my_dbt_assets - STEP_OUTPUT - Yielded output "test_dbt_pj__models__staging__stg_payments" of type "Nothing". (Type check passed).
2026-06-14 10:55:14 +0000 - dagster - DEBUG - __ASSET_JOB - 29346c58-bf18-4bde-8835-7ba221b2fb46 - 96 - my_dbt_assets - ASSET_MATERIALIZATION - Materialized value test_dbt_pj models staging stg_payments.
2026-06-14 10:55:16 +0000 - dagster - DEBUG - __ASSET_JOB - 29346c58-bf18-4bde-8835-7ba221b2fb46 - 96 - my_dbt_assets - STEP_OUTPUT - Yielded output "test_dbt_pj__models__staging__stg_customers_not_null_stg_customers_customer_id" of type "Any". (Type check passed).
2026-06-14 10:55:16 +0000 - dagster - DEBUG - __ASSET_JOB - 29346c58-bf18-4bde-8835-7ba221b2fb46 - 96 - my_dbt_assets - ASSET_CHECK_EVALUATION - Asset check 'not_null_stg_customers_customer_id' on 'test_dbt_pj/models/staging/stg_customers' passed.
2026-06-14 10:55:18 +0000 - dagster - DEBUG - __ASSET_JOB - 29346c58-bf18-4bde-8835-7ba221b2fb46 - 96 - my_dbt_assets - STEP_OUTPUT - Yielded output "test_dbt_pj__models__staging__stg_customers_unique_stg_customers_customer_id" of type "Any". (Type check passed).
2026-06-14 10:55:18 +0000 - dagster - DEBUG - __ASSET_JOB - 29346c58-bf18-4bde-8835-7ba221b2fb46 - 96 - my_dbt_assets - ASSET_CHECK_EVALUATION - Asset check 'unique_stg_customers_customer_id' on 'test_dbt_pj/models/staging/stg_customers' passed.
2026-06-14 10:55:21 +0000 - dagster - DEBUG - __ASSET_JOB - 29346c58-bf18-4bde-8835-7ba221b2fb46 - 96 - my_dbt_assets - STEP_OUTPUT - Yielded output "test_dbt_pj__models__staging__stg_orders_accepted_values_stg_orders_status__placed__shipped__completed__return_pending__returned" of type "Any". (Type check passed).
2026-06-14 10:55:21 +0000 - dagster - DEBUG - __ASSET_JOB - 29346c58-bf18-4bde-8835-7ba221b2fb46 - 96 - my_dbt_assets - ASSET_CHECK_EVALUATION - Asset check 'accepted_values_stg_orders_status__placed__shipped__completed__return_pending__returned' on 'test_dbt_pj/models/staging/stg_orders' passed.
2026-06-14 10:55:23 +0000 - dagster - DEBUG - __ASSET_JOB - 29346c58-bf18-4bde-8835-7ba221b2fb46 - 96 - my_dbt_assets - STEP_OUTPUT - Yielded output "test_dbt_pj__models__staging__stg_orders_not_null_stg_orders_customer_id" of type "Any". (Type check passed).
2026-06-14 10:55:23 +0000 - dagster - DEBUG - __ASSET_JOB - 29346c58-bf18-4bde-8835-7ba221b2fb46 - 96 - my_dbt_assets - ASSET_CHECK_EVALUATION - Asset check 'not_null_stg_orders_customer_id' on 'test_dbt_pj/models/staging/stg_orders' passed.
2026-06-14 10:55:25 +0000 - dagster - DEBUG - __ASSET_JOB - 29346c58-bf18-4bde-8835-7ba221b2fb46 - 96 - my_dbt_assets - STEP_OUTPUT - Yielded output "test_dbt_pj__models__staging__stg_orders_not_null_stg_orders_order_id" of type "Any". (Type check passed).
2026-06-14 10:55:25 +0000 - dagster - DEBUG - __ASSET_JOB - 29346c58-bf18-4bde-8835-7ba221b2fb46 - 96 - my_dbt_assets - ASSET_CHECK_EVALUATION - Asset check 'not_null_stg_orders_order_id' on 'test_dbt_pj/models/staging/stg_orders' passed.
2026-06-14 10:55:27 +0000 - dagster - DEBUG - __ASSET_JOB - 29346c58-bf18-4bde-8835-7ba221b2fb46 - 96 - my_dbt_assets - STEP_OUTPUT - Yielded output "test_dbt_pj__models__staging__stg_orders_relationships_stg_orders_customer_id__customer_id__ref_stg_customers_" of type "Any". (Type check passed).
2026-06-14 10:55:27 +0000 - dagster - DEBUG - __ASSET_JOB - 29346c58-bf18-4bde-8835-7ba221b2fb46 - 96 - my_dbt_assets - ASSET_CHECK_EVALUATION - Asset check 'relationships_stg_orders_customer_id__customer_id__ref_stg_customers_' on 'test_dbt_pj/models/staging/stg_orders' passed.
2026-06-14 10:55:29 +0000 - dagster - DEBUG - __ASSET_JOB - 29346c58-bf18-4bde-8835-7ba221b2fb46 - 96 - my_dbt_assets - STEP_OUTPUT - Yielded output "test_dbt_pj__models__staging__stg_orders_unique_stg_orders_order_id" of type "Any". (Type check passed).
2026-06-14 10:55:30 +0000 - dagster - DEBUG - __ASSET_JOB - 29346c58-bf18-4bde-8835-7ba221b2fb46 - 96 - my_dbt_assets - ASSET_CHECK_EVALUATION - Asset check 'unique_stg_orders_order_id' on 'test_dbt_pj/models/staging/stg_orders' passed.
2026-06-14 10:55:31 +0000 - dagster - DEBUG - __ASSET_JOB - 29346c58-bf18-4bde-8835-7ba221b2fb46 - 96 - my_dbt_assets - STEP_OUTPUT - Yielded output "test_dbt_pj__models__intermediate__int_payments_pivoted" of type "Nothing". (Type check passed).
2026-06-14 10:55:32 +0000 - dagster - DEBUG - __ASSET_JOB - 29346c58-bf18-4bde-8835-7ba221b2fb46 - 96 - my_dbt_assets - ASSET_MATERIALIZATION - Materialized value test_dbt_pj models intermediate int_payments_pivoted.
2026-06-14 10:55:33 +0000 - dagster - DEBUG - __ASSET_JOB - 29346c58-bf18-4bde-8835-7ba221b2fb46 - 96 - my_dbt_assets - STEP_OUTPUT - Yielded output "test_dbt_pj__models__jaffle_shop__customers" of type "Nothing". (Type check passed).
2026-06-14 10:55:33 +0000 - dagster - DEBUG - __ASSET_JOB - 29346c58-bf18-4bde-8835-7ba221b2fb46 - 96 - my_dbt_assets - ASSET_MATERIALIZATION - Materialized value test_dbt_pj models jaffle_shop customers.
2026-06-14 10:55:35 +0000 - dagster - DEBUG - __ASSET_JOB - 29346c58-bf18-4bde-8835-7ba221b2fb46 - 96 - my_dbt_assets - STEP_OUTPUT - Yielded output "test_dbt_pj__models__intermediate__int_customer_orders" of type "Nothing". (Type check passed).
2026-06-14 10:55:35 +0000 - dagster - DEBUG - __ASSET_JOB - 29346c58-bf18-4bde-8835-7ba221b2fb46 - 96 - my_dbt_assets - ASSET_MATERIALIZATION - Materialized value test_dbt_pj models intermediate int_customer_orders.
2026-06-14 10:55:37 +0000 - dagster - DEBUG - __ASSET_JOB - 29346c58-bf18-4bde-8835-7ba221b2fb46 - 96 - my_dbt_assets - STEP_OUTPUT - Yielded output "test_dbt_pj__models__jaffle_shop__customers_not_null_customers_customer_id" of type "Any". (Type check passed).
2026-06-14 10:55:37 +0000 - dagster - DEBUG - __ASSET_JOB - 29346c58-bf18-4bde-8835-7ba221b2fb46 - 96 - my_dbt_assets - ASSET_CHECK_EVALUATION - Asset check 'not_null_customers_customer_id' on 'test_dbt_pj/models/jaffle_shop/customers' passed.
2026-06-14 10:55:39 +0000 - dagster - DEBUG - __ASSET_JOB - 29346c58-bf18-4bde-8835-7ba221b2fb46 - 96 - my_dbt_assets - STEP_OUTPUT - Yielded output "test_dbt_pj__models__jaffle_shop__customers_unique_customers_customer_id" of type "Any". (Type check passed).
2026-06-14 10:55:39 +0000 - dagster - DEBUG - __ASSET_JOB - 29346c58-bf18-4bde-8835-7ba221b2fb46 - 96 - my_dbt_assets - ASSET_CHECK_EVALUATION - Asset check 'unique_customers_customer_id' on 'test_dbt_pj/models/jaffle_shop/customers' passed.
2026-06-14 10:55:44 +0000 - dagster - DEBUG - __ASSET_JOB - 29346c58-bf18-4bde-8835-7ba221b2fb46 - 96 - my_dbt_assets - STEP_OUTPUT - Yielded output "test_dbt_pj__models__marts_bi__fct_customers" of type "Nothing". (Type check passed).
2026-06-14 10:55:45 +0000 - dagster - DEBUG - __ASSET_JOB - 29346c58-bf18-4bde-8835-7ba221b2fb46 - 96 - my_dbt_assets - ASSET_MATERIALIZATION - Materialized value test_dbt_pj models marts_bi fct_customers.
2026-06-14 10:55:45 +0000 - dagster - INFO - __ASSET_JOB - 29346c58-bf18-4bde-8835-7ba221b2fb46 - my_dbt_assets - Finished dbt command: `dbt build --select fqn:*`.
2026-06-14 10:55:45 +0000 - dagster - DEBUG - __ASSET_JOB - 29346c58-bf18-4bde-8835-7ba221b2fb46 - 96 - my_dbt_assets - STEP_SUCCESS - Finished execution of step "my_dbt_assets" in 52.3s.
